rows 200
cols 200
players 2

m %.aaaaa..........................................................................................................................................................................................bbbbb.% 
m %.aaaaa..........................................................................................................................................................................................bbbbb.% 
m %.aaaaa..........................................................................................................................................................................................bbbbb.% 
m %.aaaaa..........................................................................................................................................................................................bbbbb.% 
m %.aaaaa..........................................................................................................................................................................................bbbbb.% 
m %.aaaaa..........................................................................................................................................................................................bbbbb.% 
m %.aaaaa..........................................................................................................................................................................................bbbbb.% 
m %.aaaaa..........................................................................................................................................................................................bbbbb.% 
m %.aaaaa..........................................................................................................................................................................................bbbbb.% 
m %.aaaaa..........................................................................................................................................................................................bbbbb.% 
m %.aaaaa..........................................................................................................................................................................................bbbbb.% 
m %.aaaaa..........................................................................................................................................................................................bbbbb.% 
m %.aaaaa..........................................................................................................................................................................................bbbbb.% 
m %.aaaaa..........................................................................................................................................................................................bbbbb.% 
m %.aaaaa..........................................................................................................................................................................................bbbbb.% 
m %.aaaaa..........................................................................................................................................................................................bbbbb.% 
m %.aaaaa..........................................................................................................................................................................................bbbbb.% 
m %.aaaaa..........................................................................................................................................................................................bbbbb.% 
m %.aaaaa..........................................................................................................................................................................................bbbbb.% 
m %.aaaaa..........................................................................................................................................................................................bbbbb.% 
m %.aaaaa..........................................................................................................................................................................................bbbbb.% 
m %.aaaaa..........................................................................................................................................................................................bbbbb.% 
m %.aaaaa..........................................................................................................................................................................................bbbbb.% 
m %.aaaaa..........................................................................................................................................................................................bbbbb.% 
m %.aaaaa..........................................................................................................................................................................................bbbbb.% 
m %.aaaaa..........................................................................................................................................................................................bbbbb.% 
m %.aaaaa..........................................................................................................................................................................................bbbbb.% 
m %.aaaaa..........................................................................................................................................................................................bbbbb.% 
m %.aaaaa..........................................................................................................................................................................................bbbbb.% 
m %.aaaaa..........................................................................................................................................................................................bbbbb.% 
m %.aaaaa..........................................................................................................................................................................................bbbbb.% 
m %.aaaaa..........................................................................................................................................................................................bbbbb.% 
m %.aaaaa..........................................................................................................................................................................................bbbbb.% 
m %.aaaaa..........................................................................................................................................................................................bbbbb.% 
m %.aaaaa..........................................................................................................................................................................................bbbbb.% 
m %.aaaaa..........................................................................................................................................................................................bbbbb.% 
m %.aaaaa..........................................................................................................................................................................................bbbbb.% 
m %.aaaaa..........................................................................................................................................................................................bbbbb.% 
m %.aaaaa..........................................................................................................................................................................................bbbbb.% 
m %.aaaaa..........................................................................................................................................................................................bbbbb.% 
m %.aaaaa..........................................................................................................................................................................................bbbbb.% 
m %.aaaaa..........................................................................................................................................................................................bbbbb.% 
m %.aaaaa..........................................................................................................................................................................................bbbbb.% 
m %.aaaaa..........................................................................................................................................................................................bbbbb.% 
m %.aaaaa..........................................................................................................................................................................................bbbbb.% 
m %.aaaaa..........................................................................................................................................................................................bbbbb.% 
m %.aaaaa..........................................................................................................................................................................................bbbbb.% 
m %.aaaaa..........................................................................................................................................................................................bbbbb.% 
m %.aaaaa..........................................................................................................................................................................................bbbbb.% 
m %.aaaaa..........................................................................................................................................................................................bbbbb.% 
m %.aaaaa..........................................................................................................................................................................................bbbbb.% 
m %.aaaaa..........................................................................................................................................................................................bbbbb.% 
m %.aaaaa..........................................................................................................................................................................................bbbbb.% 
m %.aaaaa..........................................................................................................................................................................................bbbbb.% 
m %.aaaaa..........................................................................................................................................................................................bbbbb.% 
m %.aaaaa..........................................................................................................................................................................................bbbbb.% 
m %.aaaaa..........................................................................................................................................................................................bbbbb.% 
m %.aaaaa..........................................................................................................................................................................................bbbbb.% 
m %.aaaaa..........................................................................................................................................................................................bbbbb.% 
m %.aaaaa..........................................................................................................................................................................................bbbbb.% 
m %.aaaaa..........................................................................................................................................................................................bbbbb.% 
m %.aaaaa..........................................................................................................................................................................................bbbbb.% 
m %.aaaaa..........................................................................................................................................................................................bbbbb.% 
m %.aaaaa..........................................................................................................................................................................................bbbbb.% 
m %.aaaaa..........................................................................................................................................................................................bbbbb.% 
m %.aaaaa..........................................................................................................................................................................................bbbbb.% 
m %.aaaaa..........................................................................................................................................................................................bbbbb.% 
m %.aaaaa..........................................................................................................................................................................................bbbbb.% 
m %.aaaaa..........................................................................................................................................................................................bbbbb.% 
m %.aaaaa..........................................................................................................................................................................................bbbbb.% 
m %.aaaaa..........................................................................................................................................................................................bbbbb.% 
m %.aaaaa..........................................................................................................................................................................................bbbbb.% 
m %.aaaaa..........................................................................................................................................................................................bbbbb.% 
m %.aaaaa..........................................................................................................................................................................................bbbbb.% 
m %.aaaaa..........................................................................................................................................................................................bbbbb.% 
m %.aaaaa..........................................................................................................................................................................................bbbbb.% 
m %.aaaaa..........................................................................................................................................................................................bbbbb.% 
m %.aaaaa..........................................................................................................................................................................................bbbbb.% 
m %.aaaaa..........................................................................................................................................................................................bbbbb.% 
m %.aaaaa..........................................................................................................................................................................................bbbbb.% 
m %.aaaaa..........................................................................................................................................................................................bbbbb.% 
m %.aaaaa..........................................................................................................................................................................................bbbbb.% 
m %.aaaaa..........................................................................................................................................................................................bbbbb.% 
m %.aaaaa..........................................................................................................................................................................................bbbbb.% 
m %.aaaaa..........................................................................................................................................................................................bbbbb.% 
m %.aaaaa..........................................................................................................................................................................................bbbbb.% 
m %.aaaaa..........................................................................................................................................................................................bbbbb.% 
m %.aaaaa..........................................................................................................................................................................................bbbbb.% 
m %.aaaaa..........................................................................................................................................................................................bbbbb.% 
m %.aaaaa..........................................................................................................................................................................................bbbbb.% 
m %.aaaaa..........................................................................................................................................................................................bbbbb.% 
m %.aaaaa..........................................................................................................................................................................................bbbbb.% 
m %.aaaaa..........................................................................................................................................................................................bbbbb.% 
m %.aaaaa..........................................................................................................................................................................................bbbbb.% 
m %.aaaaa..........................................................................................................................................................................................bbbbb.% 
m %.aaaaa..........................................................................................................................................................................................bbbbb.% 
m %.aaaaa..........................................................................................................................................................................................bbbbb.% 
m %.aaaaa..........................................................................................................................................................................................bbbbb.% 
m %.aaaaa..........................................................................................................................................................................................bbbbb.% 
m %.aaaaa..........................................................................................................................................................................................bbbbb.% 
m %.aaaaa..........................................................................................................................................................................................bbbbb.% 
m %.aaaaa..........................................................................................................................................................................................bbbbb.% 
m %.aaaaa..........................................................................................................................................................................................bbbbb.% 
m %.aaaaa..........................................................................................................................................................................................bbbbb.% 
m %.aaaaa..........................................................................................................................................................................................bbbbb.% 
m %.aaaaa..........................................................................................................................................................................................bbbbb.% 
m %.aaaaa..........................................................................................................................................................................................bbbbb.% 
m %.aaaaa..........................................................................................................................................................................................bbbbb.% 
m %.aaaaa..........................................................................................................................................................................................bbbbb.% 
m %.aaaaa..........................................................................................................................................................................................bbbbb.% 
m %.aaaaa..........................................................................................................................................................................................bbbbb.% 
m %.aaaaa..........................................................................................................................................................................................bbbbb.% 
m %.aaaaa..........................................................................................................................................................................................bbbbb.% 
m %.aaaaa..........................................................................................................................................................................................bbbbb.% 
m %.aaaaa..........................................................................................................................................................................................bbbbb.% 
m %.aaaaa..........................................................................................................................................................................................bbbbb.% 
m %.aaaaa..........................................................................................................................................................................................bbbbb.% 
m %.aaaaa..........................................................................................................................................................................................bbbbb.% 
m %.aaaaa..........................................................................................................................................................................................bbbbb.% 
m %.aaaaa..........................................................................................................................................................................................bbbbb.% 
m %.aaaaa..........................................................................................................................................................................................bbbbb.% 
m %.aaaaa..........................................................................................................................................................................................bbbbb.% 
m %.aaaaa..........................................................................................................................................................................................bbbbb.% 
m %.aaaaa..........................................................................................................................................................................................bbbbb.% 
m %.aaaaa..........................................................................................................................................................................................bbbbb.% 
m %.aaaaa..........................................................................................................................................................................................bbbbb.% 
m %.aaaaa..........................................................................................................................................................................................bbbbb.% 
m %.aaaaa..........................................................................................................................................................................................bbbbb.% 
m %.aaaaa..........................................................................................................................................................................................bbbbb.% 
m %.aaaaa..........................................................................................................................................................................................bbbbb.% 
m %.aaaaa..........................................................................................................................................................................................bbbbb.% 
m %.aaaaa..........................................................................................................................................................................................bbbbb.% 
m %.aaaaa..........................................................................................................................................................................................bbbbb.% 
m %.aaaaa..........................................................................................................................................................................................bbbbb.% 
m %.aaaaa..........................................................................................................................................................................................bbbbb.% 
m %.aaaaa..........................................................................................................................................................................................bbbbb.% 
m %.aaaaa..........................................................................................................................................................................................bbbbb.% 
m %.aaaaa..........................................................................................................................................................................................bbbbb.% 
m %.aaaaa..........................................................................................................................................................................................bbbbb.% 
m %.aaaaa..........................................................................................................................................................................................bbbbb.% 
m %.aaaaa..........................................................................................................................................................................................bbbbb.% 
m %.aaaaa..........................................................................................................................................................................................bbbbb.% 
m %.aaaaa..........................................................................................................................................................................................bbbbb.% 
m %.aaaaa..........................................................................................................................................................................................bbbbb.% 
m %.aaaaa..........................................................................................................................................................................................bbbbb.% 
m %.aaaaa..........................................................................................................................................................................................bbbbb.% 
m %.aaaaa..........................................................................................................................................................................................bbbbb.% 
m %.aaaaa..........................................................................................................................................................................................bbbbb.% 
m %.aaaaa..........................................................................................................................................................................................bbbbb.% 
m %.aaaaa..........................................................................................................................................................................................bbbbb.% 
m %.aaaaa..........................................................................................................................................................................................bbbbb.% 
m %.aaaaa..........................................................................................................................................................................................bbbbb.% 
m %.aaaaa..........................................................................................................................................................................................bbbbb.% 
m %.aaaaa..........................................................................................................................................................................................bbbbb.% 
m %.aaaaa..........................................................................................................................................................................................bbbbb.% 
m %.aaaaa..........................................................................................................................................................................................bbbbb.% 
m %.aaaaa..........................................................................................................................................................................................bbbbb.% 
m %.aaaaa..........................................................................................................................................................................................bbbbb.% 
m %.aaaaa..........................................................................................................................................................................................bbbbb.% 
m %.aaaaa..........................................................................................................................................................................................bbbbb.% 
m %.aaaaa..........................................................................................................................................................................................bbbbb.% 
m %.aaaaa..........................................................................................................................................................................................bbbbb.% 
m %.aaaaa..........................................................................................................................................................................................bbbbb.% 
m %.aaaaa..........................................................................................................................................................................................bbbbb.% 
m %.aaaaa..........................................................................................................................................................................................bbbbb.% 
m %.aaaaa..........................................................................................................................................................................................bbbbb.% 
m %.aaaaa..........................................................................................................................................................................................bbbbb.% 
m %.aaaaa..........................................................................................................................................................................................bbbbb.% 
m %.aaaaa..........................................................................................................................................................................................bbbbb.% 
m %.aaaaa..........................................................................................................................................................................................bbbbb.% 
m %.aaaaa..........................................................................................................................................................................................bbbbb.% 
m %.aaaaa..........................................................................................................................................................................................bbbbb.% 
m %.aaaaa..........................................................................................................................................................................................bbbbb.% 
m %.aaaaa..........................................................................................................................................................................................bbbbb.% 
m %.aaaaa..........................................................................................................................................................................................bbbbb.% 
m %.aaaaa..........................................................................................................................................................................................bbbbb.% 
m %.aaaaa..........................................................................................................................................................................................bbbbb.% 
m %.aaaaa..........................................................................................................................................................................................bbbbb.% 
m %.aaaaa..........................................................................................................................................................................................bbbbb.% 
m %.aaaaa..........................................................................................................................................................................................bbbbb.% 
m %.aaaaa..........................................................................................................................................................................................bbbbb.% 
m %.aaaaa..........................................................................................................................................................................................bbbbb.% 
m %.aaaaa..........................................................................................................................................................................................bbbbb.% 
m %.aaaaa..........................................................................................................................................................................................bbbbb.% 
m %.aaaaa..........................................................................................................................................................................................bbbbb.% 
m %.aaaaa..........................................................................................................................................................................................bbbbb.% 
m %.aaaaa..........................................................................................................................................................................................bbbbb.% 
m %.aaaaa..........................................................................................................................................................................................bbbbb.% 
m %.aaaaa..........................................................................................................................................................................................bbbbb.% 
m %.aaaaa..........................................................................................................................................................................................bbbbb.% 
m %.aaaaa..........................................................................................................................................................................................bbbbb.% 
m %.aaaaa..........................................................................................................................................................................................bbbbb.% 
m %.aaaaa..........................................................................................................................................................................................bbbbb.% 
m %.aaaaa..........................................................................................................................................................................................bbbbb.% 
m %.aaaaa..........................................................................................................................................................................................bbbbb.% 
m %.aaaaa..........................................................................................................................................................................................bbbbb.% 
m %.aaaaa..........................................................................................................................................................................................bbbbb.% 
m %.aaaaa..........................................................................................................................................................................................bbbbb.% 
m %.aaaaa..........................................................................................................................................................................................bbbbb.% 
m %.aaaaa..........................................................................................................................................................................................bbbbb.% 
